<?xml version="1.0" encoding="UTF-8"?>
<y a="0"/><y a="1"/>
