4:4: error: unexpected token: //
error: input contains errors
